Archive member included to satisfy reference by file (symbol)

c:/workspace/programs/stm32cubeide_1.12.0/stm32cubeide/plugins/com.st.stm32cube.ide.mcu.externaltools.gnu-tools-for-stm32.10.3-2021.10.win32_1.0.200.202301161003/tools/bin/../lib/gcc/arm-none-eabi/10.3.1/../../../../arm-none-eabi/lib/thumb/v7e-m+dp/hard\libc_nano.a(lib_a-errno.o)
                              ./Core/Src/syscalls.o (__errno)
c:/workspace/programs/stm32cubeide_1.12.0/stm32cubeide/plugins/com.st.stm32cube.ide.mcu.externaltools.gnu-tools-for-stm32.10.3-2021.10.win32_1.0.200.202301161003/tools/bin/../lib/gcc/arm-none-eabi/10.3.1/../../../../arm-none-eabi/lib/thumb/v7e-m+dp/hard\libc_nano.a(lib_a-exit.o)
                              c:/workspace/programs/stm32cubeide_1.12.0/stm32cubeide/plugins/com.st.stm32cube.ide.mcu.externaltools.gnu-tools-for-stm32.10.3-2021.10.win32_1.0.200.202301161003/tools/bin/../lib/gcc/arm-none-eabi/10.3.1/../../../../arm-none-eabi/lib/thumb/v7e-m+dp/hard/crt0.o (exit)
c:/workspace/programs/stm32cubeide_1.12.0/stm32cubeide/plugins/com.st.stm32cube.ide.mcu.externaltools.gnu-tools-for-stm32.10.3-2021.10.win32_1.0.200.202301161003/tools/bin/../lib/gcc/arm-none-eabi/10.3.1/../../../../arm-none-eabi/lib/thumb/v7e-m+dp/hard\libc_nano.a(lib_a-impure.o)
                              c:/workspace/programs/stm32cubeide_1.12.0/stm32cubeide/plugins/com.st.stm32cube.ide.mcu.externaltools.gnu-tools-for-stm32.10.3-2021.10.win32_1.0.200.202301161003/tools/bin/../lib/gcc/arm-none-eabi/10.3.1/../../../../arm-none-eabi/lib/thumb/v7e-m+dp/hard\libc_nano.a(lib_a-exit.o) (_global_impure_ptr)
c:/workspace/programs/stm32cubeide_1.12.0/stm32cubeide/plugins/com.st.stm32cube.ide.mcu.externaltools.gnu-tools-for-stm32.10.3-2021.10.win32_1.0.200.202301161003/tools/bin/../lib/gcc/arm-none-eabi/10.3.1/../../../../arm-none-eabi/lib/thumb/v7e-m+dp/hard\libc_nano.a(lib_a-init.o)
                              c:/workspace/programs/stm32cubeide_1.12.0/stm32cubeide/plugins/com.st.stm32cube.ide.mcu.externaltools.gnu-tools-for-stm32.10.3-2021.10.win32_1.0.200.202301161003/tools/bin/../lib/gcc/arm-none-eabi/10.3.1/../../../../arm-none-eabi/lib/thumb/v7e-m+dp/hard/crt0.o (__libc_init_array)
c:/workspace/programs/stm32cubeide_1.12.0/stm32cubeide/plugins/com.st.stm32cube.ide.mcu.externaltools.gnu-tools-for-stm32.10.3-2021.10.win32_1.0.200.202301161003/tools/bin/../lib/gcc/arm-none-eabi/10.3.1/../../../../arm-none-eabi/lib/thumb/v7e-m+dp/hard\libc_nano.a(lib_a-memset.o)
                              c:/workspace/programs/stm32cubeide_1.12.0/stm32cubeide/plugins/com.st.stm32cube.ide.mcu.externaltools.gnu-tools-for-stm32.10.3-2021.10.win32_1.0.200.202301161003/tools/bin/../lib/gcc/arm-none-eabi/10.3.1/../../../../arm-none-eabi/lib/thumb/v7e-m+dp/hard/crt0.o (memset)

Discarded input sections

 .text          0x0000000000000000        0x0 c:/workspace/programs/stm32cubeide_1.12.0/stm32cubeide/plugins/com.st.stm32cube.ide.mcu.externaltools.gnu-tools-for-stm32.10.3-2021.10.win32_1.0.200.202301161003/tools/bin/../lib/gcc/arm-none-eabi/10.3.1/thumb/v7e-m+dp/hard/crti.o
 .data          0x0000000000000000        0x0 c:/workspace/programs/stm32cubeide_1.12.0/stm32cubeide/plugins/com.st.stm32cube.ide.mcu.externaltools.gnu-tools-for-stm32.10.3-2021.10.win32_1.0.200.202301161003/tools/bin/../lib/gcc/arm-none-eabi/10.3.1/thumb/v7e-m+dp/hard/crti.o
 .bss           0x0000000000000000        0x0 c:/workspace/programs/stm32cubeide_1.12.0/stm32cubeide/plugins/com.st.stm32cube.ide.mcu.externaltools.gnu-tools-for-stm32.10.3-2021.10.win32_1.0.200.202301161003/tools/bin/../lib/gcc/arm-none-eabi/10.3.1/thumb/v7e-m+dp/hard/crti.o
 .data          0x0000000000000000        0x4 c:/workspace/programs/stm32cubeide_1.12.0/stm32cubeide/plugins/com.st.stm32cube.ide.mcu.externaltools.gnu-tools-for-stm32.10.3-2021.10.win32_1.0.200.202301161003/tools/bin/../lib/gcc/arm-none-eabi/10.3.1/thumb/v7e-m+dp/hard/crtbegin.o
 .rodata        0x0000000000000000       0x24 c:/workspace/programs/stm32cubeide_1.12.0/stm32cubeide/plugins/com.st.stm32cube.ide.mcu.externaltools.gnu-tools-for-stm32.10.3-2021.10.win32_1.0.200.202301161003/tools/bin/../lib/gcc/arm-none-eabi/10.3.1/thumb/v7e-m+dp/hard/crtbegin.o
 .text          0x0000000000000000       0x7c c:/workspace/programs/stm32cubeide_1.12.0/stm32cubeide/plugins/com.st.stm32cube.ide.mcu.externaltools.gnu-tools-for-stm32.10.3-2021.10.win32_1.0.200.202301161003/tools/bin/../lib/gcc/arm-none-eabi/10.3.1/../../../../arm-none-eabi/lib/thumb/v7e-m+dp/hard/crt0.o
 .data          0x0000000000000000        0x0 c:/workspace/programs/stm32cubeide_1.12.0/stm32cubeide/plugins/com.st.stm32cube.ide.mcu.externaltools.gnu-tools-for-stm32.10.3-2021.10.win32_1.0.200.202301161003/tools/bin/../lib/gcc/arm-none-eabi/10.3.1/../../../../arm-none-eabi/lib/thumb/v7e-m+dp/hard/crt0.o
[...]
Memory Configuration

Name             Origin             Length             Attributes
RAM_D1           0x0000000024000000 0x0000000000080000 xrw
FLASH            0x0000000008000000 0x0000000000100000 xr
DTCMRAM          0x0000000020000000 0x0000000000020000 xrw
RAM_D2           0x0000000030000000 0x0000000000048000 xrw
RAM_D3           0x0000000038000000 0x0000000000010000 xrw
ITCMRAM          0x0000000000000000 0x0000000000010000 xrw
*default*        0x0000000000000000 0xffffffffffffffff

Linker script and memory map

LOAD c:/workspace/programs/stm32cubeide_1.12.0/stm32cubeide/plugins/com.st.stm32cube.ide.mcu.externaltools.gnu-tools-for-stm32.10.3-2021.10.win32_1.0.200.202301161003/tools/bin/../lib/gcc/arm-none-eabi/10.3.1/thumb/v7e-m+dp/hard/crti.o
LOAD c:/workspace/programs/stm32cubeide_1.12.0/stm32cubeide/plugins/com.st.stm32cube.ide.mcu.externaltools.gnu-tools-for-stm32.10.3-2021.10.win32_1.0.200.202301161003/tools/bin/../lib/gcc/arm-none-eabi/10.3.1/thumb/v7e-m+dp/hard/crtbegin.o
LOAD c:/workspace/programs/stm32cubeide_1.12.0/stm32cubeide/plugins/com.st.stm32cube.ide.mcu.externaltools.gnu-tools-for-stm32.10.3-2021.10.win32_1.0.200.202301161003/tools/bin/../lib/gcc/arm-none-eabi/10.3.1/../../../../arm-none-eabi/lib/thumb/v7e-m+dp/hard/crt0.o
LOAD ./Common/Src/system_stm32h7xx_dualcore_boot_cm4_cm7.o
LOAD ./Core/Src/fmc.o
LOAD ./Core/Src/gpio.o
LOAD ./Core/Src/main.o
LOAD ./Core/Src/stm32h7xx_hal_msp.o
LOAD ./Core/Src/stm32h7xx_it.o
LOAD ./Core/Src/syscalls.o
LOAD ./Core/Src/sysmem.o
LOAD ./Core/Startup/startup_stm32h747xihx.o
LOAD ./Drivers/STM32H7xx_HAL_Driver/stm32h7xx_hal.o
LOAD ./Drivers/STM32H7xx_HAL_Driver/stm32h7xx_hal_cortex.o
LOAD ./Drivers/STM32H7xx_HAL_Driver/stm32h7xx_hal_dma.o
LOAD ./Drivers/STM32H7xx_HAL_Driver/stm32h7xx_hal_dma_ex.o
LOAD ./Drivers/STM32H7xx_HAL_Driver/stm32h7xx_hal_exti.o
LOAD ./Drivers/STM32H7xx_HAL_Driver/stm32h7xx_hal_flash.o
LOAD ./Drivers/STM32H7xx_HAL_Driver/stm32h7xx_hal_flash_ex.o
LOAD ./Drivers/STM32H7xx_HAL_Driver/stm32h7xx_hal_gpio.o
LOAD ./Drivers/STM32H7xx_HAL_Driver/stm32h7xx_hal_hsem.o
LOAD ./Drivers/STM32H7xx_HAL_Driver/stm32h7xx_hal_i2c.o
LOAD ./Drivers/STM32H7xx_HAL_Driver/stm32h7xx_hal_i2c_ex.o
LOAD ./Drivers/STM32H7xx_HAL_Driver/stm32h7xx_hal_mdma.o
LOAD ./Drivers/STM32H7xx_HAL_Driver/stm32h7xx_hal_pwr.o
LOAD ./Drivers/STM32H7xx_HAL_Driver/stm32h7xx_hal_pwr_ex.o
LOAD ./Drivers/STM32H7xx_HAL_Driver/stm32h7xx_hal_rcc.o
LOAD ./Drivers/STM32H7xx_HAL_Driver/stm32h7xx_hal_rcc_ex.o
LOAD ./Drivers/STM32H7xx_HAL_Driver/stm32h7xx_hal_sdram.o
LOAD ./Drivers/STM32H7xx_HAL_Driver/stm32h7xx_hal_tim.o
LOAD ./Drivers/STM32H7xx_HAL_Driver/stm32h7xx_hal_tim_ex.o
LOAD ./Drivers/STM32H7xx_HAL_Driver/stm32h7xx_ll_fmc.o
START GROUP
LOAD c:/workspace/programs/stm32cubeide_1.12.0/stm32cubeide/plugins/com.st.stm32cube.ide.mcu.externaltools.gnu-tools-for-stm32.10.3-2021.10.win32_1.0.200.202301161003/tools/bin/../lib/gcc/arm-none-eabi/10.3.1/../../../../arm-none-eabi/lib/thumb/v7e-m+dp/hard\libc_nano.a
LOAD c:/workspace/programs/stm32cubeide_1.12.0/stm32cubeide/plugins/com.st.stm32cube.ide.mcu.externaltools.gnu-tools-for-stm32.10.3-2021.10.win32_1.0.200.202301161003/tools/bin/../lib/gcc/arm-none-eabi/10.3.1/../../../../arm-none-eabi/lib/thumb/v7e-m+dp/hard\libm.a
END GROUP
START GROUP
LOAD c:/workspace/programs/stm32cubeide_1.12.0/stm32cubeide/plugins/com.st.stm32cube.ide.mcu.externaltools.gnu-tools-for-stm32.10.3-2021.10.win32_1.0.200.202301161003/tools/bin/../lib/gcc/arm-none-eabi/10.3.1/thumb/v7e-m+dp/hard\libgcc.a
LOAD c:/workspace/programs/stm32cubeide_1.12.0/stm32cubeide/plugins/com.st.stm32cube.ide.mcu.externaltools.gnu-tools-for-stm32.10.3-2021.10.win32_1.0.200.202301161003/tools/bin/../lib/gcc/arm-none-eabi/10.3.1/../../../../arm-none-eabi/lib/thumb/v7e-m+dp/hard\libc_nano.a
END GROUP
START GROUP
LOAD c:/workspace/programs/stm32cubeide_1.12.0/stm32cubeide/plugins/com.st.stm32cube.ide.mcu.externaltools.gnu-tools-for-stm32.10.3-2021.10.win32_1.0.200.202301161003/tools/bin/../lib/gcc/arm-none-eabi/10.3.1/thumb/v7e-m+dp/hard\libgcc.a
LOAD c:/workspace/programs/stm32cubeide_1.12.0/stm32cubeide/plugins/com.st.stm32cube.ide.mcu.externaltools.gnu-tools-for-stm32.10.3-2021.10.win32_1.0.200.202301161003/tools/bin/../lib/gcc/arm-none-eabi/10.3.1/../../../../arm-none-eabi/lib/thumb/v7e-m+dp/hard\libc_nano.a
LOAD c:/workspace/programs/stm32cubeide_1.12.0/stm32cubeide/plugins/com.st.stm32cube.ide.mcu.externaltools.gnu-tools-for-stm32.10.3-2021.10.win32_1.0.200.202301161003/tools/bin/../lib/gcc/arm-none-eabi/10.3.1/../../../../arm-none-eabi/lib/thumb/v7e-m+dp/hard\libnosys.a
END GROUP
START GROUP
LOAD c:/workspace/programs/stm32cubeide_1.12.0/stm32cubeide/plugins/com.st.stm32cube.ide.mcu.externaltools.gnu-tools-for-stm32.10.3-2021.10.win32_1.0.200.202301161003/tools/bin/../lib/gcc/arm-none-eabi/10.3.1/thumb/v7e-m+dp/hard\libgcc.a
LOAD c:/workspace/programs/stm32cubeide_1.12.0/stm32cubeide/plugins/com.st.stm32cube.ide.mcu.externaltools.gnu-tools-for-stm32.10.3-2021.10.win32_1.0.200.202301161003/tools/bin/../lib/gcc/arm-none-eabi/10.3.1/../../../../arm-none-eabi/lib/thumb/v7e-m+dp/hard\libc_nano.a
LOAD c:/workspace/programs/stm32cubeide_1.12.0/stm32cubeide/plugins/com.st.stm32cube.ide.mcu.externaltools.gnu-tools-for-stm32.10.3-2021.10.win32_1.0.200.202301161003/tools/bin/../lib/gcc/arm-none-eabi/10.3.1/../../../../arm-none-eabi/lib/thumb/v7e-m+dp/hard\libnosys.a
END GROUP
LOAD c:/workspace/programs/stm32cubeide_1.12.0/stm32cubeide/plugins/com.st.stm32cube.ide.mcu.externaltools.gnu-tools-for-stm32.10.3-2021.10.win32_1.0.200.202301161003/tools/bin/../lib/gcc/arm-none-eabi/10.3.1/thumb/v7e-m+dp/hard/crtend.o
LOAD c:/workspace/programs/stm32cubeide_1.12.0/stm32cubeide/plugins/com.st.stm32cube.ide.mcu.externaltools.gnu-tools-for-stm32.10.3-2021.10.win32_1.0.200.202301161003/tools/bin/../lib/gcc/arm-none-eabi/10.3.1/thumb/v7e-m+dp/hard/crtn.o
                0x0000000024080000                _estack = (ORIGIN (RAM_D1) + LENGTH (RAM_D1))
                0x0000000000000200                _Min_Heap_Size = 0x200
                0x0000000000000400                _Min_Stack_Size = 0x400

.isr_vector     0x0000000008000000      0x298
                0x0000000008000000                . = ALIGN (0x4)
 *(.isr_vector)
 .isr_vector    0x0000000008000000      0x298 ./Core/Startup/startup_stm32h747xihx.o
                0x0000000008000000                g_pfnVectors
                0x0000000008000298                . = ALIGN (0x4)

.text           0x0000000008000298     0x3c38
                0x0000000008000298                . = ALIGN (0x4)
 *(.text)
 .text          0x0000000008000298       0x40 c:/workspace/programs/stm32cubeide_1.12.0/stm32cubeide/plugins/com.st.stm32cube.ide.mcu.externaltools.gnu-tools-for-stm32.10.3-2021.10.win32_1.0.200.202301161003/tools/bin/../lib/gcc/arm-none-eabi/10.3.1/thumb/v7e-m+dp/hard/crtbegin.o
 *(.text*)
 .text.SystemInit
                0x00000000080002d8      0x12c ./Common/Src/system_stm32h7xx_dualcore_boot_cm4_cm7.o
                0x00000000080002d8                SystemInit
 .text.MX_FMC_Init
                0x0000000008000404       0xdc ./Core/Src/fmc.o
                0x0000000008000404                MX_FMC_Init
 .text.HAL_FMC_MspInit
                0x00000000080004e0      0x1a8 ./Core/Src/fmc.o
 .text.HAL_SDRAM_MspInit
                0x0000000008000688       0x14 ./Core/Src/fmc.o
                0x0000000008000688                HAL_SDRAM_MspInit
 .text.MX_GPIO_Init
                0x000000000800069c      0x104 ./Core/Src/gpio.o
                0x000000000800069c                MX_GPIO_Init
 .text.main     0x00000000080007a0      0x15c ./Core/Src/main.o
                0x00000000080007a0                main
 .text.SystemClock_Config
                0x00000000080008fc       0xf8 ./Core/Src/main.o
                0x00000000080008fc                SystemClock_Config
 .text.IS42S32800G_Init
                0x00000000080009f4       0x7e ./Core/Src/main.o
                0x00000000080009f4                IS42S32800G_Init
 *fill*         0x0000000008000a72        0x2 
 .text.IS42S32800G_ClockEnable
                0x0000000008000a74       0x48 ./Core/Src/main.o
                0x0000000008000a74                IS42S32800G_ClockEnable
 .text.IS42S32800G_Precharge
                0x0000000008000abc       0x48 ./Core/Src/main.o
                0x0000000008000abc                IS42S32800G_Precharge
 .text.IS42S32800G_ModeRegConfig
                0x0000000008000b04       0x68 ./Core/Src/main.o
                0x0000000008000b04                IS42S32800G_ModeRegConfig
 .text.IS42S32800G_RefreshMode
                0x0000000008000b6c       0x4c ./Core/Src/main.o
                0x0000000008000b6c                IS42S32800G_RefreshMode
 .text.IS42S32800G_RefreshRate
                0x0000000008000bb8       0x28 ./Core/Src/main.o
                0x0000000008000bb8                IS42S32800G_RefreshRate
 .text.IS42S32800G_Delay
                0x0000000008000be0       0x2a ./Core/Src/main.o
 .text.Error_Handler
                0x0000000008000c0a        0xa ./Core/Src/main.o
                0x0000000008000c0a                Error_Handler
 .text.HAL_MspInit
                0x0000000008000c14       0x34 ./Core/Src/stm32h7xx_hal_msp.o
                0x0000000008000c14                HAL_MspInit
 .text.NMI_Handler
                0x0000000008000c48        0x6 ./Core/Src/stm32h7xx_it.o
                0x0000000008000c48                NMI_Handler
 .text.HardFault_Handler
                0x0000000008000c4e        0x6 ./Core/Src/stm32h7xx_it.o
                0x0000000008000c4e                HardFault_Handler
 .text.MemManage_Handler
                0x0000000008000c54        0x6 ./Core/Src/stm32h7xx_it.o
                0x0000000008000c54                MemManage_Handler
 .text.BusFault_Handler
                0x0000000008000c5a        0x6 ./Core/Src/stm32h7xx_it.o
                0x0000000008000c5a                BusFault_Handler
 .text.UsageFault_Handler
                0x0000000008000c60        0x6 ./Core/Src/stm32h7xx_it.o
                0x0000000008000c60                UsageFault_Handler
 .text.SVC_Handler
                0x0000000008000c66        0xe ./Core/Src/stm32h7xx_it.o
                0x0000000008000c66                SVC_Handler
 .text.DebugMon_Handler
                0x0000000008000c74        0xe ./Core/Src/stm32h7xx_it.o
                0x0000000008000c74                DebugMon_Handler
 .text.PendSV_Handler
                0x0000000008000c82        0xe ./Core/Src/stm32h7xx_it.o
                0x0000000008000c82                PendSV_Handler
 .text.SysTick_Handler
                0x0000000008000c90        0xc ./Core/Src/stm32h7xx_it.o
                0x0000000008000c90                SysTick_Handler
 .text.Reset_Handler
                0x0000000008000c9c       0x50 ./Core/Startup/startup_stm32h747xihx.o
                0x0000000008000c9c                Reset_Handler
 .text.Default_Handler
                0x0000000008000cec        0x2 ./Core/Startup/startup_stm32h747xihx.o
                0x0000000008000cec                RTC_Alarm_IRQHandler
                0x0000000008000cec                EXTI2_IRQHandler
                0x0000000008000cec                TIM8_CC_IRQHandler
                0x0000000008000cec                HRTIM1_Master_IRQHandler
                0x0000000008000cec                UART8_IRQHandler
                0x0000000008000cec                SPI4_IRQHandler
                0x0000000008000cec                TIM1_CC_IRQHandler
                0x0000000008000cec                BDMA_Channel6_IRQHandler
                0x0000000008000cec                DMA2_Stream5_IRQHandler
                0x0000000008000cec                HRTIM1_FLT_IRQHandler
                0x0000000008000cec                JPEG_IRQHandler
                0x0000000008000cec                DMA1_Stream5_IRQHandler
                0x0000000008000cec                BDMA_Channel1_IRQHandler
                0x0000000008000cec                HRTIM1_TIMD_IRQHandler
                0x0000000008000cec                TAMP_STAMP_IRQHandler
                0x0000000008000cec                EXTI3_IRQHandler
                0x0000000008000cec                LPTIM4_IRQHandler
                0x0000000008000cec                TIM8_TRG_COM_TIM14_IRQHandler
                0x0000000008000cec                LPTIM2_IRQHandler
                0x0000000008000cec                DFSDM1_FLT1_IRQHandler
                0x0000000008000cec                DMAMUX2_OVR_IRQHandler
                0x0000000008000cec                TIM8_UP_TIM13_IRQHandler
                0x0000000008000cec                I2C3_ER_IRQHandler
                0x0000000008000cec                DFSDM1_FLT2_IRQHandler
                0x0000000008000cec                MDMA_IRQHandler
                0x0000000008000cec                LPTIM3_IRQHandler
                0x0000000008000cec                HSEM1_IRQHandler
                0x0000000008000cec                EXTI0_IRQHandler
                0x0000000008000cec                I2C2_EV_IRQHandler
                0x0000000008000cec                DMA1_Stream2_IRQHandler
                0x0000000008000cec                FPU_IRQHandler
                0x0000000008000cec                OTG_HS_WKUP_IRQHandler
                0x0000000008000cec                FDCAN1_IT1_IRQHandler
                0x0000000008000cec                LTDC_ER_IRQHandler
                0x0000000008000cec                DMA2_Stream2_IRQHandler
                0x0000000008000cec                HRTIM1_TIME_IRQHandler
                0x0000000008000cec                SPI1_IRQHandler
                0x0000000008000cec                TIM6_DAC_IRQHandler
                0x0000000008000cec                DCMI_IRQHandler
                0x0000000008000cec                HRTIM1_TIMC_IRQHandler
                0x0000000008000cec                DMA2_Stream3_IRQHandler
                0x0000000008000cec                SAI2_IRQHandler
                0x0000000008000cec                DFSDM1_FLT3_IRQHandler
                0x0000000008000cec                USART6_IRQHandler
                0x0000000008000cec                TIM17_IRQHandler
                0x0000000008000cec                USART3_IRQHandler
                0x0000000008000cec                BDMA_Channel7_IRQHandler
                0x0000000008000cec                LPTIM5_IRQHandler
                0x0000000008000cec                UART5_IRQHandler
                0x0000000008000cec                ADC3_IRQHandler
                0x0000000008000cec                DMA2_Stream0_IRQHandler
                0x0000000008000cec                TIM4_IRQHandler
                0x0000000008000cec                BDMA_Channel2_IRQHandler
                0x0000000008000cec                QUADSPI_IRQHandler
                0x0000000008000cec                I2C1_EV_IRQHandler
                0x0000000008000cec                DMA1_Stream6_IRQHandler
                0x0000000008000cec                DMAMUX1_OVR_IRQHandler
                0x0000000008000cec                DMA1_Stream1_IRQHandler
                0x0000000008000cec                TIM16_IRQHandler
                0x0000000008000cec                UART4_IRQHandler
                0x0000000008000cec                BDMA_Channel5_IRQHandler
                0x0000000008000cec                TIM3_IRQHandler
                0x0000000008000cec                RCC_IRQHandler
                0x0000000008000cec                TIM8_BRK_TIM12_IRQHandler
                0x0000000008000cec                TIM1_TRG_COM_IRQHandler
                0x0000000008000cec                Default_Handler
                0x0000000008000cec                ECC_IRQHandler
                0x0000000008000cec                CEC_IRQHandler
                0x0000000008000cec                EXTI15_10_IRQHandler
                0x0000000008000cec                BDMA_Channel0_IRQHandler
                0x0000000008000cec                ADC_IRQHandler
                0x0000000008000cec                DMA1_Stream7_IRQHandler
                0x0000000008000cec                HRTIM1_TIMA_IRQHandler
                0x0000000008000cec                SPI5_IRQHandler
                0x0000000008000cec                TIM7_IRQHandler
                0x0000000008000cec                SDMMC1_IRQHandler
                0x0000000008000cec                TIM5_IRQHandler
                0x0000000008000cec                DMA2_Stream7_IRQHandler
                0x0000000008000cec                TIM15_IRQHandler
                0x0000000008000cec                PVD_AVD_IRQHandler
                0x0000000008000cec                I2C3_EV_IRQHandler
                0x0000000008000cec                EXTI9_5_IRQHandler
                0x0000000008000cec                RTC_WKUP_IRQHandler
                0x0000000008000cec                LTDC_IRQHandler
                0x0000000008000cec                SAI3_IRQHandler
                0x0000000008000cec                ETH_WKUP_IRQHandler
                0x0000000008000cec                SPDIF_RX_IRQHandler
                0x0000000008000cec                SPI2_IRQHandler
                0x0000000008000cec                OTG_HS_EP1_IN_IRQHandler
                0x0000000008000cec                DMA1_Stream0_IRQHandler
                0x0000000008000cec                CRS_IRQHandler
                0x0000000008000cec                CM7_SEV_IRQHandler
                0x0000000008000cec                EXTI4_IRQHandler
                0x0000000008000cec                RNG_IRQHandler
                0x0000000008000cec                CM4_SEV_IRQHandler
                0x0000000008000cec                HRTIM1_TIMB_IRQHandler
                0x0000000008000cec                FDCAN2_IT1_IRQHandler
                0x0000000008000cec                DSI_IRQHandler
                0x0000000008000cec                ETH_IRQHandler
                0x0000000008000cec                TIM1_UP_IRQHandler
                0x0000000008000cec                WWDG_RST_IRQHandler
                0x0000000008000cec                BDMA_Channel4_IRQHandler
                0x0000000008000cec                OTG_HS_EP1_OUT_IRQHandler
                0x0000000008000cec                WWDG_IRQHandler
                0x0000000008000cec                SPI6_IRQHandler
                0x0000000008000cec                MDIOS_IRQHandler
                0x0000000008000cec                I2C4_EV_IRQHandler
                0x0000000008000cec                FDCAN2_IT0_IRQHandler
                0x0000000008000cec                LPUART1_IRQHandler
                0x0000000008000cec                FDCAN1_IT0_IRQHandler
                0x0000000008000cec                TIM2_IRQHandler
                0x0000000008000cec                OTG_FS_WKUP_IRQHandler
                0x0000000008000cec                OTG_HS_IRQHandler
                0x0000000008000cec                HSEM2_IRQHandler
                0x0000000008000cec                DMA2D_IRQHandler
                0x0000000008000cec                TIM1_BRK_IRQHandler
                0x0000000008000cec                EXTI1_IRQHandler
                0x0000000008000cec                SDMMC2_IRQHandler
                0x0000000008000cec                OTG_FS_EP1_OUT_IRQHandler
                0x0000000008000cec                BDMA_Channel3_IRQHandler
                0x0000000008000cec                HOLD_CORE_IRQHandler
                0x0000000008000cec                UART7_IRQHandler
                0x0000000008000cec                MDIOS_WKUP_IRQHandler
                0x0000000008000cec                USART2_IRQHandler
                0x0000000008000cec                DFSDM1_FLT0_IRQHandler
                0x0000000008000cec                SAI4_IRQHandler
                0x0000000008000cec                I2C2_ER_IRQHandler
                0x0000000008000cec                DMA2_Stream1_IRQHandler
                0x0000000008000cec                FLASH_IRQHandler
                0x0000000008000cec                DMA2_Stream4_IRQHandler
                0x0000000008000cec                USART1_IRQHandler
                0x0000000008000cec                OTG_FS_IRQHandler
                0x0000000008000cec                SPI3_IRQHandler
                0x0000000008000cec                WAKEUP_PIN_IRQHandler
                0x0000000008000cec                DMA1_Stream4_IRQHandler
                0x0000000008000cec                OTG_FS_EP1_IN_IRQHandler
                0x0000000008000cec                I2C1_ER_IRQHandler
                0x0000000008000cec                FMC_IRQHandler
                0x0000000008000cec                FDCAN_CAL_IRQHandler
                0x0000000008000cec                SWPMI1_IRQHandler
                0x0000000008000cec                COMP1_IRQHandler
                0x0000000008000cec                LPTIM1_IRQHandler
                0x0000000008000cec                I2C4_ER_IRQHandler
                0x0000000008000cec                DMA2_Stream6_IRQHandler
                0x0000000008000cec                SAI1_IRQHandler
                0x0000000008000cec                DMA1_Stream3_IRQHandler
 *fill*         0x0000000008000cee        0x2 
 .text.HAL_Init
                0x0000000008000cf0       0x78 ./Drivers/STM32H7xx_HAL_Driver/stm32h7xx_hal.o
                0x0000000008000cf0                HAL_Init
 .text.HAL_InitTick
                0x0000000008000d68       0x6c ./Drivers/STM32H7xx_HAL_Driver/stm32h7xx_hal.o
                0x0000000008000d68                HAL_InitTick
 .text.HAL_IncTick
                0x0000000008000dd4       0x28 ./Drivers/STM32H7xx_HAL_Driver/stm32h7xx_hal.o
                0x0000000008000dd4                HAL_IncTick
 .text.HAL_GetTick
                0x0000000008000dfc       0x18 ./Drivers/STM32H7xx_HAL_Driver/stm32h7xx_hal.o
                0x0000000008000dfc                HAL_GetTick
 .text.HAL_Delay
                0x0000000008000e14       0x48 ./Drivers/STM32H7xx_HAL_Driver/stm32h7xx_hal.o
                0x0000000008000e14                HAL_Delay
 .text.HAL_GetREVID
                0x0000000008000e5c       0x18 ./Drivers/STM32H7xx_HAL_Driver/stm32h7xx_hal.o
                0x0000000008000e5c                HAL_GetREVID
 .text.__NVIC_SetPriorityGrouping
                0x0000000008000e74       0x48 ./Drivers/STM32H7xx_HAL_Driver/stm32h7xx_hal_cortex.o
 .text.__NVIC_GetPriorityGrouping
                0x0000000008000ebc       0x1c ./Drivers/STM32H7xx_HAL_Driver/stm32h7xx_hal_cortex.o
 .text.__NVIC_SetPriority
                0x0000000008000ed8       0x54 ./Drivers/STM32H7xx_HAL_Driver/stm32h7xx_hal_cortex.o
 .text.NVIC_EncodePriority
                0x0000000008000f2c       0x66 ./Drivers/STM32H7xx_HAL_Driver/stm32h7xx_hal_cortex.o
 *fill*         0x0000000008000f92        0x2 
 .text.SysTick_Config
                0x0000000008000f94       0x44 ./Drivers/STM32H7xx_HAL_Driver/stm32h7xx_hal_cortex.o
 .text.HAL_NVIC_SetPriorityGrouping
                0x0000000008000fd8       0x16 ./Drivers/STM32H7xx_HAL_Driver/stm32h7xx_hal_cortex.o
                0x0000000008000fd8                HAL_NVIC_SetPriorityGrouping
 .text.HAL_NVIC_SetPriority
                0x0000000008000fee       0x34 ./Drivers/STM32H7xx_HAL_Driver/stm32h7xx_hal_cortex.o
                0x0000000008000fee                HAL_NVIC_SetPriority
 .text.HAL_SYSTICK_Config
                0x0000000008001022       0x18 ./Drivers/STM32H7xx_HAL_Driver/stm32h7xx_hal_cortex.o
                0x0000000008001022                HAL_SYSTICK_Config
 *fill*         0x000000000800103a        0x2 
 .text.HAL_GPIO_Init
                0x000000000800103c      0x360 ./Drivers/STM32H7xx_HAL_Driver/stm32h7xx_hal_gpio.o
                0x000000000800103c                HAL_GPIO_Init
 .text.HAL_GPIO_WritePin
                0x000000000800139c       0x32 ./Drivers/STM32H7xx_HAL_Driver/stm32h7xx_hal_gpio.o
                0x000000000800139c                HAL_GPIO_WritePin
 .text.HAL_GPIO_TogglePin
                0x00000000080013ce       0x34 ./Drivers/STM32H7xx_HAL_Driver/stm32h7xx_hal_gpio.o
                0x00000000080013ce                HAL_GPIO_TogglePin
 *fill*         0x0000000008001402        0x2 
 .text.HAL_PWREx_ConfigSupply
                0x0000000008001404       0xb4 ./Drivers/STM32H7xx_HAL_Driver/stm32h7xx_hal_pwr_ex.o
                0x0000000008001404                HAL_PWREx_ConfigSupply
 .text.HAL_RCC_OscConfig
                0x00000000080014b8      0x8b4 ./Drivers/STM32H7xx_HAL_Driver/stm32h7xx_hal_rcc.o
                0x00000000080014b8                HAL_RCC_OscConfig
 .text.HAL_RCC_ClockConfig
                0x0000000008001d6c      0x36c ./Drivers/STM32H7xx_HAL_Driver/stm32h7xx_hal_rcc.o
                0x0000000008001d6c                HAL_RCC_ClockConfig
 .text.HAL_RCC_GetSysClockFreq
                0x00000000080020d8      0x2f4 ./Drivers/STM32H7xx_HAL_Driver/stm32h7xx_hal_rcc.o
                0x00000000080020d8                HAL_RCC_GetSysClockFreq
 .text.HAL_RCCEx_PeriphCLKConfig
                0x00000000080023cc     0x1494 ./Drivers/STM32H7xx_HAL_Driver/stm32h7xx_hal_rcc_ex.o
                0x00000000080023cc                HAL_RCCEx_PeriphCLKConfig
 .text.RCCEx_PLL2_Config
                0x0000000008003860      0x164 ./Drivers/STM32H7xx_HAL_Driver/stm32h7xx_hal_rcc_ex.o
 .text.RCCEx_PLL3_Config
                0x00000000080039c4      0x164 ./Drivers/STM32H7xx_HAL_Driver/stm32h7xx_hal_rcc_ex.o
 .text.HAL_SDRAM_Init
                0x0000000008003b28       0x78 ./Drivers/STM32H7xx_HAL_Driver/stm32h7xx_hal_sdram.o
                0x0000000008003b28                HAL_SDRAM_Init
 .text.HAL_SDRAM_SendCommand
                0x0000000008003ba0       0x6a ./Drivers/STM32H7xx_HAL_Driver/stm32h7xx_hal_sdram.o
                0x0000000008003ba0                HAL_SDRAM_SendCommand
 .text.HAL_SDRAM_ProgramRefreshRate
                0x0000000008003c0a       0x50 ./Drivers/STM32H7xx_HAL_Driver/stm32h7xx_hal_sdram.o
                0x0000000008003c0a                HAL_SDRAM_ProgramRefreshRate
 *fill*         0x0000000008003c5a        0x2 
 .text.FMC_SDRAM_Init
                0x0000000008003c5c       0xb8 ./Drivers/STM32H7xx_HAL_Driver/stm32h7xx_ll_fmc.o
                0x0000000008003c5c                FMC_SDRAM_Init
 .text.FMC_SDRAM_Timing_Init
                0x0000000008003d14       0xd4 ./Drivers/STM32H7xx_HAL_Driver/stm32h7xx_ll_fmc.o
                0x0000000008003d14                FMC_SDRAM_Timing_Init
 .text.FMC_SDRAM_SendCommand
                0x0000000008003de8       0x48 ./Drivers/STM32H7xx_HAL_Driver/stm32h7xx_ll_fmc.o
                0x0000000008003de8                FMC_SDRAM_SendCommand
 .text.FMC_SDRAM_ProgramRefreshRate
                0x0000000008003e30       0x30 ./Drivers/STM32H7xx_HAL_Driver/stm32h7xx_ll_fmc.o
                0x0000000008003e30                FMC_SDRAM_ProgramRefreshRate
 .text.__libc_init_array
                0x0000000008003e60       0x48 c:/workspace/programs/stm32cubeide_1.12.0/stm32cubeide/plugins/com.st.stm32cube.ide.mcu.externaltools.gnu-tools-for-stm32.10.3-2021.10.win32_1.0.200.202301161003/tools/bin/../lib/gcc/arm-none-eabi/10.3.1/../../../../arm-none-eabi/lib/thumb/v7e-m+dp/hard\libc_nano.a(lib_a-init.o)
                0x0000000008003e60                __libc_init_array
 .text.memset   0x0000000008003ea8       0x10 c:/workspace/programs/stm32cubeide_1.12.0/stm32cubeide/plugins/com.st.stm32cube.ide.mcu.externaltools.gnu-tools-for-stm32.10.3-2021.10.win32_1.0.200.202301161003/tools/bin/../lib/gcc/arm-none-eabi/10.3.1/../../../../arm-none-eabi/lib/thumb/v7e-m+dp/hard\libc_nano.a(lib_a-memset.o)
                0x0000000008003ea8                memset
 *(.glue_7)
 .glue_7        0x0000000008003eb8        0x0 linker stubs
 *(.glue_7t)
 .glue_7t       0x0000000008003eb8        0x0 linker stubs
 *(.eh_frame)
 .eh_frame      0x0000000008003eb8        0x0 c:/workspace/programs/stm32cubeide_1.12.0/stm32cubeide/plugins/com.st.stm32cube.ide.mcu.externaltools.gnu-tools-for-stm32.10.3-2021.10.win32_1.0.200.202301161003/tools/bin/../lib/gcc/arm-none-eabi/10.3.1/thumb/v7e-m+dp/hard/crtbegin.o
 *(.init)
 .init          0x0000000008003eb8        0x4 c:/workspace/programs/stm32cubeide_1.12.0/stm32cubeide/plugins/com.st.stm32cube.ide.mcu.externaltools.gnu-tools-for-stm32.10.3-2021.10.win32_1.0.200.202301161003/tools/bin/../lib/gcc/arm-none-eabi/10.3.1/thumb/v7e-m+dp/hard/crti.o
                0x0000000008003eb8                _init
 .init          0x0000000008003ebc        0x8 c:/workspace/programs/stm32cubeide_1.12.0/stm32cubeide/plugins/com.st.stm32cube.ide.mcu.externaltools.gnu-tools-for-stm32.10.3-2021.10.win32_1.0.200.202301161003/tools/bin/../lib/gcc/arm-none-eabi/10.3.1/thumb/v7e-m+dp/hard/crtn.o
 *(.fini)
 .fini          0x0000000008003ec4        0x4 c:/workspace/programs/stm32cubeide_1.12.0/stm32cubeide/plugins/com.st.stm32cube.ide.mcu.externaltools.gnu-tools-for-stm32.10.3-2021.10.win32_1.0.200.202301161003/tools/bin/../lib/gcc/arm-none-eabi/10.3.1/thumb/v7e-m+dp/hard/crti.o
                0x0000000008003ec4                _fini
 .fini          0x0000000008003ec8        0x8 c:/workspace/programs/stm32cubeide_1.12.0/stm32cubeide/plugins/com.st.stm32cube.ide.mcu.externaltools.gnu-tools-for-stm32.10.3-2021.10.win32_1.0.200.202301161003/tools/bin/../lib/gcc/arm-none-eabi/10.3.1/thumb/v7e-m+dp/hard/crtn.o
                0x0000000008003ed0                . = ALIGN (0x4)
                0x0000000008003ed0                _etext = .

.vfp11_veneer   0x0000000008003ed0        0x0
 .vfp11_veneer  0x0000000008003ed0        0x0 linker stubs

.v4_bx          0x0000000008003ed0        0x0
 .v4_bx         0x0000000008003ed0        0x0 linker stubs

.iplt           0x0000000008003ed0        0x0
 .iplt          0x0000000008003ed0        0x0 c:/workspace/programs/stm32cubeide_1.12.0/stm32cubeide/plugins/com.st.stm32cube.ide.mcu.externaltools.gnu-tools-for-stm32.10.3-2021.10.win32_1.0.200.202301161003/tools/bin/../lib/gcc/arm-none-eabi/10.3.1/thumb/v7e-m+dp/hard/crtbegin.o

.rodata         0x0000000008003ed0       0x10
                0x0000000008003ed0                . = ALIGN (0x4)
 *(.rodata)
 *(.rodata*)
 .rodata.D1CorePrescTable
                0x0000000008003ed0       0x10 ./Common/Src/system_stm32h7xx_dualcore_boot_cm4_cm7.o
                0x0000000008003ed0                D1CorePrescTable
                0x0000000008003ee0                . = ALIGN (0x4)

.rel.dyn        0x0000000008003ee0        0x0
 .rel.iplt      0x0000000008003ee0        0x0 c:/workspace/programs/stm32cubeide_1.12.0/stm32cubeide/plugins/com.st.stm32cube.ide.mcu.externaltools.gnu-tools-for-stm32.10.3-2021.10.win32_1.0.200.202301161003/tools/bin/../lib/gcc/arm-none-eabi/10.3.1/thumb/v7e-m+dp/hard/crtbegin.o

.ARM.extab      0x0000000008003ee0        0x0
                0x0000000008003ee0                . = ALIGN (0x4)
 *(.ARM.extab* .gnu.linkonce.armextab.*)
                0x0000000008003ee0                . = ALIGN (0x4)

.ARM            0x0000000008003ee0        0x0
                0x0000000008003ee0                . = ALIGN (0x4)
                0x0000000008003ee0                __exidx_start = .
 *(.ARM.exidx*)
                0x0000000008003ee0                __exidx_end = .
                0x0000000008003ee0                . = ALIGN (0x4)

.preinit_array  0x0000000008003ee0        0x0
                0x0000000008003ee0                . = ALIGN (0x4)
                0x0000000008003ee0                PROVIDE (__preinit_array_start = .)
 *(.preinit_array*)
                0x0000000008003ee0                PROVIDE (__preinit_array_end = .)
                0x0000000008003ee0                . = ALIGN (0x4)

.init_array     0x0000000008003ee0        0x4
                0x0000000008003ee0                . = ALIGN (0x4)
                0x0000000008003ee0                PROVIDE (__init_array_start = .)
 *(SORT_BY_NAME(.init_array.*))
 *(.init_array*)
 .init_array    0x0000000008003ee0        0x4 c:/workspace/programs/stm32cubeide_1.12.0/stm32cubeide/plugins/com.st.stm32cube.ide.mcu.externaltools.gnu-tools-for-stm32.10.3-2021.10.win32_1.0.200.202301161003/tools/bin/../lib/gcc/arm-none-eabi/10.3.1/thumb/v7e-m+dp/hard/crtbegin.o
                0x0000000008003ee4                PROVIDE (__init_array_end = .)
                0x0000000008003ee4                . = ALIGN (0x4)

.fini_array     0x0000000008003ee4        0x4
                0x0000000008003ee4                . = ALIGN (0x4)
                [!provide]                        PROVIDE (__fini_array_start = .)
 *(SORT_BY_NAME(.fini_array.*))
 *(.fini_array*)
 .fini_array    0x0000000008003ee4        0x4 c:/workspace/programs/stm32cubeide_1.12.0/stm32cubeide/plugins/com.st.stm32cube.ide.mcu.externaltools.gnu-tools-for-stm32.10.3-2021.10.win32_1.0.200.202301161003/tools/bin/../lib/gcc/arm-none-eabi/10.3.1/thumb/v7e-m+dp/hard/crtbegin.o
                [!provide]                        PROVIDE (__fini_array_end = .)
                0x0000000008003ee8                . = ALIGN (0x4)
                0x0000000008003ee8                _sidata = LOADADDR (.data)

.data           0x0000000024000000       0x10 load address 0x0000000008003ee8
                0x0000000024000000                . = ALIGN (0x4)
                0x0000000024000000                _sdata = .
 *(.data)
 *(.data*)
 .data.SystemCoreClock
                0x0000000024000000        0x4 ./Common/Src/system_stm32h7xx_dualcore_boot_cm4_cm7.o
                0x0000000024000000                SystemCoreClock
 .data.SystemD2Clock
                0x0000000024000004        0x4 ./Common/Src/system_stm32h7xx_dualcore_boot_cm4_cm7.o
                0x0000000024000004                SystemD2Clock
 .data.uwTickPrio
                0x0000000024000008        0x4 ./Drivers/STM32H7xx_HAL_Driver/stm32h7xx_hal.o
                0x0000000024000008                uwTickPrio
 .data.uwTickFreq
                0x000000002400000c        0x1 ./Drivers/STM32H7xx_HAL_Driver/stm32h7xx_hal.o
                0x000000002400000c                uwTickFreq
 *(.RamFunc)
 *(.RamFunc*)
                0x0000000024000010                . = ALIGN (0x4)
 *fill*         0x000000002400000d        0x3 
                0x0000000024000010                _edata = .

.igot.plt       0x0000000024000010        0x0 load address 0x0000000008003ef8
 .igot.plt      0x0000000024000010        0x0 c:/workspace/programs/stm32cubeide_1.12.0/stm32cubeide/plugins/com.st.stm32cube.ide.mcu.externaltools.gnu-tools-for-stm32.10.3-2021.10.win32_1.0.200.202301161003/tools/bin/../lib/gcc/arm-none-eabi/10.3.1/thumb/v7e-m+dp/hard/crtbegin.o
                0x0000000024000010                . = ALIGN (0x4)

.bss            0x0000000024000010     0x106c load address 0x0000000008003ef8
                0x0000000024000010                _sbss = .
                0x0000000024000010                __bss_start__ = _sbss
 *(.bss)
 .bss           0x0000000024000010       0x1c c:/workspace/programs/stm32cubeide_1.12.0/stm32cubeide/plugins/com.st.stm32cube.ide.mcu.externaltools.gnu-tools-for-stm32.10.3-2021.10.win32_1.0.200.202301161003/tools/bin/../lib/gcc/arm-none-eabi/10.3.1/thumb/v7e-m+dp/hard/crtbegin.o
 *(.bss*)
 .bss.hsdram1   0x000000002400002c       0x34 ./Core/Src/fmc.o
                0x000000002400002c                hsdram1
 .bss.FMC_Initialized
                0x0000000024000060        0x4 ./Core/Src/fmc.o
 .bss.test_count
                0x0000000024000064        0x4 ./Core/Src/main.o
                0x0000000024000064                test_count
 .bss.w_buf     0x0000000024000068     0x1000 ./Core/Src/main.o
                0x0000000024000068                w_buf
 .bss.Command   0x0000000024001068       0x10 ./Core/Src/main.o
 .bss.uwTick    0x0000000024001078        0x4 ./Drivers/STM32H7xx_HAL_Driver/stm32h7xx_hal.o
                0x0000000024001078                uwTick
 *(COMMON)
                0x000000002400107c                . = ALIGN (0x4)
                0x000000002400107c                _ebss = .
                0x000000002400107c                __bss_end__ = _ebss

._user_heap_stack
                0x000000002400107c      0x604 load address 0x0000000008003ef8
                0x0000000024001080                . = ALIGN (0x8)
 *fill*         0x000000002400107c        0x4 
                [!provide]                        PROVIDE (end = .)
                0x0000000024001080                PROVIDE (_end = .)
                0x0000000024001280                . = (. + _Min_Heap_Size)
 *fill*         0x0000000024001080      0x200 
                0x0000000024001680                . = (. + _Min_Stack_Size)
 *fill*         0x0000000024001280      0x400 
                0x0000000024001680                . = ALIGN (0x8)

/DISCARD/
 libc.a(*)
 libm.a(*)
 libgcc.a(*)

.ARM.attributes
                0x0000000000000000       0x2e
 *(.ARM.attributes)
 .ARM.attributes
                0x0000000000000000       0x1e c:/workspace/programs/stm32cubeide_1.12.0/stm32cubeide/plugins/com.st.stm32cube.ide.mcu.externaltools.gnu-tools-for-stm32.10.3-2021.10.win32_1.0.200.202301161003/tools/bin/../lib/gcc/arm-none-eabi/10.3.1/thumb/v7e-m+dp/hard/crti.o
 .ARM.attributes
                0x000000000000001e       0x32 c:/workspace/programs/stm32cubeide_1.12.0/stm32cubeide/plugins/com.st.stm32cube.ide.mcu.externaltools.gnu-tools-for-stm32.10.3-2021.10.win32_1.0.200.202301161003/tools/bin/../lib/gcc/arm-none-eabi/10.3.1/thumb/v7e-m+dp/hard/crtbegin.o
 .ARM.attributes
                0x0000000000000050       0x32 ./Common/Src/system_stm32h7xx_dualcore_boot_cm4_cm7.o
 .ARM.attributes
                0x0000000000000082       0x32 ./Core/Src/fmc.o
 .ARM.attributes
                0x00000000000000b4       0x32 ./Core/Src/gpio.o
 .ARM.attributes
                0x00000000000000e6       0x32 ./Core/Src/main.o
 .ARM.attributes
                0x0000000000000118       0x32 ./Core/Src/stm32h7xx_hal_msp.o
 .ARM.attributes
                0x000000000000014a       0x32 ./Core/Src/stm32h7xx_it.o
 .ARM.attributes
                0x000000000000017c       0x21 ./Core/Startup/startup_stm32h747xihx.o
 .ARM.attributes
                0x000000000000019d       0x32 ./Drivers/STM32H7xx_HAL_Driver/stm32h7xx_hal.o
 .ARM.attributes
                0x00000000000001cf       0x32 ./Drivers/STM32H7xx_HAL_Driver/stm32h7xx_hal_cortex.o
 .ARM.attributes
                0x0000000000000201       0x32 ./Drivers/STM32H7xx_HAL_Driver/stm32h7xx_hal_gpio.o
 .ARM.attributes
                0x0000000000000233       0x32 ./Drivers/STM32H7xx_HAL_Driver/stm32h7xx_hal_pwr_ex.o
 .ARM.attributes
                0x0000000000000265       0x32 ./Drivers/STM32H7xx_HAL_Driver/stm32h7xx_hal_rcc.o
 .ARM.attributes
                0x0000000000000297       0x32 ./Drivers/STM32H7xx_HAL_Driver/stm32h7xx_hal_rcc_ex.o
 .ARM.attributes
                0x00000000000002c9       0x32 ./Drivers/STM32H7xx_HAL_Driver/stm32h7xx_hal_sdram.o
 .ARM.attributes
                0x00000000000002fb       0x32 ./Drivers/STM32H7xx_HAL_Driver/stm32h7xx_ll_fmc.o
 .ARM.attributes
                0x000000000000032d       0x32 c:/workspace/programs/stm32cubeide_1.12.0/stm32cubeide/plugins/com.st.stm32cube.ide.mcu.externaltools.gnu-tools-for-stm32.10.3-2021.10.win32_1.0.200.202301161003/tools/bin/../lib/gcc/arm-none-eabi/10.3.1/../../../../arm-none-eabi/lib/thumb/v7e-m+dp/hard\libc_nano.a(lib_a-init.o)
 .ARM.attributes
                0x000000000000035f       0x32 c:/workspace/programs/stm32cubeide_1.12.0/stm32cubeide/plugins/com.st.stm32cube.ide.mcu.externaltools.gnu-tools-for-stm32.10.3-2021.10.win32_1.0.200.202301161003/tools/bin/../lib/gcc/arm-none-eabi/10.3.1/../../../../arm-none-eabi/lib/thumb/v7e-m+dp/hard\libc_nano.a(lib_a-memset.o)
 .ARM.attributes
                0x0000000000000391       0x1e c:/workspace/programs/stm32cubeide_1.12.0/stm32cubeide/plugins/com.st.stm32cube.ide.mcu.externaltools.gnu-tools-for-stm32.10.3-2021.10.win32_1.0.200.202301161003/tools/bin/../lib/gcc/arm-none-eabi/10.3.1/thumb/v7e-m+dp/hard/crtn.o
OUTPUT(H747_DISCO_CM7.elf elf32-littlearm)
LOAD linker stubs
LOAD c:/workspace/programs/stm32cubeide_1.12.0/stm32cubeide/plugins/com.st.stm32cube.ide.mcu.externaltools.gnu-tools-for-stm32.10.3-2021.10.win32_1.0.200.202301161003/tools/bin/../lib/gcc/arm-none-eabi/10.3.1/../../../../arm-none-eabi/lib/thumb/v7e-m+dp/hard\libc.a
LOAD c:/workspace/programs/stm32cubeide_1.12.0/stm32cubeide/plugins/com.st.stm32cube.ide.mcu.externaltools.gnu-tools-for-stm32.10.3-2021.10.win32_1.0.200.202301161003/tools/bin/../lib/gcc/arm-none-eabi/10.3.1/../../../../arm-none-eabi/lib/thumb/v7e-m+dp/hard\libm.a
LOAD c:/workspace/programs/stm32cubeide_1.12.0/stm32cubeide/plugins/com.st.stm32cube.ide.mcu.externaltools.gnu-tools-for-stm32.10.3-2021.10.win32_1.0.200.202301161003/tools/bin/../lib/gcc/arm-none-eabi/10.3.1/thumb/v7e-m+dp/hard\libgcc.a

.debug_info     0x0000000000000000     0xcd17
 .debug_info    0x0000000000000000      0xdca ./Common/Src/system_stm32h7xx_dualcore_boot_cm4_cm7.o
 .debug_info    0x0000000000000dca     0x10f1 ./Core/Src/fmc.o
 .debug_info    0x0000000000001ebb      0x6c5 ./Core/Src/gpio.o
 .debug_info    0x0000000000002580     0x16fd ./Core/Src/main.o
 .debug_info    0x0000000000003c7d      0x4a4 ./Core/Src/stm32h7xx_hal_msp.o
 .debug_info    0x0000000000004121      0x137 ./Core/Src/stm32h7xx_it.o
 .debug_info    0x0000000000004258       0x22 ./Core/Startup/startup_stm32h747xihx.o
 .debug_info    0x000000000000427a     0x182c ./Drivers/STM32H7xx_HAL_Driver/stm32h7xx_hal.o
 .debug_info    0x0000000000005aa6     0x1191 ./Drivers/STM32H7xx_HAL_Driver/stm32h7xx_hal_cortex.o
 .debug_info    0x0000000000006c37      0xde0 ./Drivers/STM32H7xx_HAL_Driver/stm32h7xx_hal_gpio.o
 .debug_info    0x0000000000007a17     0x12c2 ./Drivers/STM32H7xx_HAL_Driver/stm32h7xx_hal_pwr_ex.o
 .debug_info    0x0000000000008cd9      0xf48 ./Drivers/STM32H7xx_HAL_Driver/stm32h7xx_hal_rcc.o
 .debug_info    0x0000000000009c21     0x13c6 ./Drivers/STM32H7xx_HAL_Driver/stm32h7xx_hal_rcc_ex.o
 .debug_info    0x000000000000afe7     0x10e5 ./Drivers/STM32H7xx_HAL_Driver/stm32h7xx_hal_sdram.o
 .debug_info    0x000000000000c0cc      0xc4b ./Drivers/STM32H7xx_HAL_Driver/stm32h7xx_ll_fmc.o

.debug_abbrev   0x0000000000000000     0x1d18
 .debug_abbrev  0x0000000000000000      0x147 ./Common/Src/system_stm32h7xx_dualcore_boot_cm4_cm7.o
 .debug_abbrev  0x0000000000000147      0x280 ./Core/Src/fmc.o
 .debug_abbrev  0x00000000000003c7      0x17b ./Core/Src/gpio.o
 .debug_abbrev  0x0000000000000542      0x35e ./Core/Src/main.o
 .debug_abbrev  0x00000000000008a0       0xda ./Core/Src/stm32h7xx_hal_msp.o
 .debug_abbrev  0x000000000000097a       0x74 ./Core/Src/stm32h7xx_it.o
 .debug_abbrev  0x00000000000009ee       0x12 ./Core/Startup/startup_stm32h747xihx.o
 .debug_abbrev  0x0000000000000a00      0x289 ./Drivers/STM32H7xx_HAL_Driver/stm32h7xx_hal.o
 .debug_abbrev  0x0000000000000c89      0x329 ./Drivers/STM32H7xx_HAL_Driver/stm32h7xx_hal_cortex.o
 .debug_abbrev  0x0000000000000fb2      0x1ec ./Drivers/STM32H7xx_HAL_Driver/stm32h7xx_hal_gpio.o
 .debug_abbrev  0x000000000000119e      0x2bc ./Drivers/STM32H7xx_HAL_Driver/stm32h7xx_hal_pwr_ex.o
 .debug_abbrev  0x000000000000145a      0x2b8 ./Drivers/STM32H7xx_HAL_Driver/stm32h7xx_hal_rcc.o
 .debug_abbrev  0x0000000000001712      0x25c ./Drivers/STM32H7xx_HAL_Driver/stm32h7xx_hal_rcc_ex.o
 .debug_abbrev  0x000000000000196e      0x214 ./Drivers/STM32H7xx_HAL_Driver/stm32h7xx_hal_sdram.o
 .debug_abbrev  0x0000000000001b82      0x196 ./Drivers/STM32H7xx_HAL_Driver/stm32h7xx_ll_fmc.o

.debug_aranges  0x0000000000000000      0x9d8
 .debug_aranges
                0x0000000000000000       0x28 ./Common/Src/system_stm32h7xx_dualcore_boot_cm4_cm7.o
 .debug_aranges
                0x0000000000000028       0x40 ./Core/Src/fmc.o
 .debug_aranges
                0x0000000000000068       0x20 ./Core/Src/gpio.o
 .debug_aranges
                0x0000000000000088       0x88 ./Core/Src/main.o
 .debug_aranges
                0x0000000000000110       0x20 ./Core/Src/stm32h7xx_hal_msp.o
 .debug_aranges
                0x0000000000000130       0x60 ./Core/Src/stm32h7xx_it.o
 .debug_aranges
                0x0000000000000190       0x28 ./Core/Startup/startup_stm32h747xihx.o
 .debug_aranges
                0x00000000000001b8      0x200 ./Drivers/STM32H7xx_HAL_Driver/stm32h7xx_hal.o
 .debug_aranges
                0x00000000000003b8      0x120 ./Drivers/STM32H7xx_HAL_Driver/stm32h7xx_hal_cortex.o
 .debug_aranges
                0x00000000000004d8       0x58 ./Drivers/STM32H7xx_HAL_Driver/stm32h7xx_hal_gpio.o
 .debug_aranges
                0x0000000000000530      0x170 ./Drivers/STM32H7xx_HAL_Driver/stm32h7xx_hal_pwr_ex.o
 .debug_aranges
                0x00000000000006a0       0x88 ./Drivers/STM32H7xx_HAL_Driver/stm32h7xx_hal_rcc.o
 .debug_aranges
                0x0000000000000728      0x100 ./Drivers/STM32H7xx_HAL_Driver/stm32h7xx_hal_rcc_ex.o
 .debug_aranges
                0x0000000000000828       0xe8 ./Drivers/STM32H7xx_HAL_Driver/stm32h7xx_hal_sdram.o
 .debug_aranges
                0x0000000000000910       0xc8 ./Drivers/STM32H7xx_HAL_Driver/stm32h7xx_ll_fmc.o

.debug_ranges   0x0000000000000000      0x8f0
 .debug_ranges  0x0000000000000000       0x18 ./Common/Src/system_stm32h7xx_dualcore_boot_cm4_cm7.o
 .debug_ranges  0x0000000000000018       0x30 ./Core/Src/fmc.o
 .debug_ranges  0x0000000000000048       0x10 ./Core/Src/gpio.o
 .debug_ranges  0x0000000000000058       0x78 ./Core/Src/main.o
 .debug_ranges  0x00000000000000d0       0x10 ./Core/Src/stm32h7xx_hal_msp.o
 .debug_ranges  0x00000000000000e0       0x50 ./Core/Src/stm32h7xx_it.o
 .debug_ranges  0x0000000000000130       0x20 ./Core/Startup/startup_stm32h747xihx.o
 .debug_ranges  0x0000000000000150      0x1f0 ./Drivers/STM32H7xx_HAL_Driver/stm32h7xx_hal.o
 .debug_ranges  0x0000000000000340      0x110 ./Drivers/STM32H7xx_HAL_Driver/stm32h7xx_hal_cortex.o
 .debug_ranges  0x0000000000000450       0x48 ./Drivers/STM32H7xx_HAL_Driver/stm32h7xx_hal_gpio.o
 .debug_ranges  0x0000000000000498      0x160 ./Drivers/STM32H7xx_HAL_Driver/stm32h7xx_hal_pwr_ex.o
 .debug_ranges  0x00000000000005f8       0x78 ./Drivers/STM32H7xx_HAL_Driver/stm32h7xx_hal_rcc.o
 .debug_ranges  0x0000000000000670       0xf0 ./Drivers/STM32H7xx_HAL_Driver/stm32h7xx_hal_rcc_ex.o
 .debug_ranges  0x0000000000000760       0xd8 ./Drivers/STM32H7xx_HAL_Driver/stm32h7xx_hal_sdram.o
 .debug_ranges  0x0000000000000838       0xb8 ./Drivers/STM32H7xx_HAL_Driver/stm32h7xx_ll_fmc.o

.debug_macro    0x0000000000000000    0x3e672
 .debug_macro   0x0000000000000000      0x29b ./Common/Src/system_stm32h7xx_dualcore_boot_cm4_cm7.o
 .debug_macro   0x000000000000029b      0xa96 ./Common/Src/system_stm32h7xx_dualcore_boot_cm4_cm7.o
 .debug_macro   0x0000000000000d31       0x2e ./Common/Src/system_stm32h7xx_dualcore_boot_cm4_cm7.o
 .debug_macro   0x0000000000000d5f       0x49 ./Common/Src/system_stm32h7xx_dualcore_boot_cm4_cm7.o
 .debug_macro   0x0000000000000da8       0x22 ./Common/Src/system_stm32h7xx_dualcore_boot_cm4_cm7.o
 .debug_macro   0x0000000000000dca       0x8e ./Common/Src/system_stm32h7xx_dualcore_boot_cm4_cm7.o
 .debug_macro   0x0000000000000e58       0x51 ./Common/Src/system_stm32h7xx_dualcore_boot_cm4_cm7.o
 .debug_macro   0x0000000000000ea9      0x103 ./Common/Src/system_stm32h7xx_dualcore_boot_cm4_cm7.o
 .debug_macro   0x0000000000000fac       0x6a ./Common/Src/system_stm32h7xx_dualcore_boot_cm4_cm7.o
 .debug_macro   0x0000000000001016      0x1df ./Common/Src/system_stm32h7xx_dualcore_boot_cm4_cm7.o
 .debug_macro   0x00000000000011f5       0x1c ./Common/Src/system_stm32h7xx_dualcore_boot_cm4_cm7.o
 .debug_macro   0x0000000000001211       0x22 ./Common/Src/system_stm32h7xx_dualcore_boot_cm4_cm7.o
 .debug_macro   0x0000000000001233       0xfb ./Common/Src/system_stm32h7xx_dualcore_boot_cm4_cm7.o
 .debug_macro   0x000000000000132e     0x1305 ./Common/Src/system_stm32h7xx_dualcore_boot_cm4_cm7.o
 .debug_macro   0x0000000000002633      0x11f ./Common/Src/system_stm32h7xx_dualcore_boot_cm4_cm7.o
 .debug_macro   0x0000000000002752       0x27 ./Common/Src/system_stm32h7xx_dualcore_boot_cm4_cm7.o
 .debug_macro   0x0000000000002779    0x2c71e ./Common/Src/system_stm32h7xx_dualcore_boot_cm4_cm7.o
 .debug_macro   0x000000000002ee97       0x6d ./Common/Src/system_stm32h7xx_dualcore_boot_cm4_cm7.o
 .debug_macro   0x000000000002ef04      0x232 ./Common/Src/system_stm32h7xx_dualcore_boot_cm4_cm7.o
 .debug_macro   0x000000000002f136     0x3d5d ./Common/Src/system_stm32h7xx_dualcore_boot_cm4_cm7.o
 .debug_macro   0x0000000000032e93      0x174 ./Common/Src/system_stm32h7xx_dualcore_boot_cm4_cm7.o
 .debug_macro   0x0000000000033007       0x52 ./Common/Src/system_stm32h7xx_dualcore_boot_cm4_cm7.o
 .debug_macro   0x0000000000033059       0x1d ./Common/Src/system_stm32h7xx_dualcore_boot_cm4_cm7.o
 .debug_macro   0x0000000000033076       0x3c ./Common/Src/system_stm32h7xx_dualcore_boot_cm4_cm7.o
 .debug_macro   0x00000000000330b2       0x34 ./Common/Src/system_stm32h7xx_dualcore_boot_cm4_cm7.o
 .debug_macro   0x00000000000330e6       0x16 ./Common/Src/system_stm32h7xx_dualcore_boot_cm4_cm7.o
 .debug_macro   0x00000000000330fc       0x43 ./Common/Src/system_stm32h7xx_dualcore_boot_cm4_cm7.o
 .debug_macro   0x000000000003313f       0x34 ./Common/Src/system_stm32h7xx_dualcore_boot_cm4_cm7.o
 .debug_macro   0x0000000000033173       0x10 ./Common/Src/system_stm32h7xx_dualcore_boot_cm4_cm7.o
 .debug_macro   0x0000000000033183       0x58 ./Common/Src/system_stm32h7xx_dualcore_boot_cm4_cm7.o
 .debug_macro   0x00000000000331db       0x71 ./Common/Src/system_stm32h7xx_dualcore_boot_cm4_cm7.o
 .debug_macro   0x000000000003324c       0x1c ./Common/Src/system_stm32h7xx_dualcore_boot_cm4_cm7.o
 .debug_macro   0x0000000000033268      0x12a ./Common/Src/system_stm32h7xx_dualcore_boot_cm4_cm7.o
 .debug_macro   0x0000000000033392      0x341 ./Common/Src/system_stm32h7xx_dualcore_boot_cm4_cm7.o
 .debug_macro   0x00000000000336d3      0x19b ./Common/Src/system_stm32h7xx_dualcore_boot_cm4_cm7.o
 .debug_macro   0x000000000003386e       0x5d ./Common/Src/system_stm32h7xx_dualcore_boot_cm4_cm7.o
 .debug_macro   0x00000000000338cb     0x3ae3 ./Common/Src/system_stm32h7xx_dualcore_boot_cm4_cm7.o
 .debug_macro   0x00000000000373ae     0x1095 ./Common/Src/system_stm32h7xx_dualcore_boot_cm4_cm7.o
 .debug_macro   0x0000000000038443      0x154 ./Common/Src/system_stm32h7xx_dualcore_boot_cm4_cm7.o
 .debug_macro   0x0000000000038597      0x130 ./Common/Src/system_stm32h7xx_dualcore_boot_cm4_cm7.o
 .debug_macro   0x00000000000386c7      0x3c5 ./Common/Src/system_stm32h7xx_dualcore_boot_cm4_cm7.o
 .debug_macro   0x0000000000038a8c       0xac ./Common/Src/system_stm32h7xx_dualcore_boot_cm4_cm7.o
 .debug_macro   0x0000000000038b38      0x72d ./Common/Src/system_stm32h7xx_dualcore_boot_cm4_cm7.o
 .debug_macro   0x0000000000039265      0x228 ./Common/Src/system_stm32h7xx_dualcore_boot_cm4_cm7.o
 .debug_macro   0x000000000003948d       0x66 ./Common/Src/system_stm32h7xx_dualcore_boot_cm4_cm7.o
 .debug_macro   0x00000000000394f3      0x3c9 ./Common/Src/system_stm32h7xx_dualcore_boot_cm4_cm7.o
 .debug_macro   0x00000000000398bc      0x407 ./Common/Src/system_stm32h7xx_dualcore_boot_cm4_cm7.o
 .debug_macro   0x0000000000039cc3      0x27c ./Common/Src/system_stm32h7xx_dualcore_boot_cm4_cm7.o
 .debug_macro   0x0000000000039f3f      0x3ca ./Common/Src/system_stm32h7xx_dualcore_boot_cm4_cm7.o
 .debug_macro   0x000000000003a309      0x4a2 ./Common/Src/system_stm32h7xx_dualcore_boot_cm4_cm7.o
 .debug_macro   0x000000000003a7ab       0x51 ./Common/Src/system_stm32h7xx_dualcore_boot_cm4_cm7.o
 .debug_macro   0x000000000003a7fc       0x4a ./Common/Src/system_stm32h7xx_dualcore_boot_cm4_cm7.o
 .debug_macro   0x000000000003a846      0x22c ./Common/Src/system_stm32h7xx_dualcore_boot_cm4_cm7.o
 .debug_macro   0x000000000003aa72       0x67 ./Common/Src/system_stm32h7xx_dualcore_boot_cm4_cm7.o
 .debug_macro   0x000000000003aad9       0xa5 ./Common/Src/system_stm32h7xx_dualcore_boot_cm4_cm7.o
 .debug_macro   0x000000000003ab7e      0x218 ./Common/Src/system_stm32h7xx_dualcore_boot_cm4_cm7.o
 .debug_macro   0x000000000003ad96      0x2ea ./Common/Src/system_stm32h7xx_dualcore_boot_cm4_cm7.o
 .debug_macro   0x000000000003b080       0x35 ./Common/Src/system_stm32h7xx_dualcore_boot_cm4_cm7.o
 .debug_macro   0x000000000003b0b5      0x512 ./Common/Src/system_stm32h7xx_dualcore_boot_cm4_cm7.o
 .debug_macro   0x000000000003b5c7      0x798 ./Common/Src/system_stm32h7xx_dualcore_boot_cm4_cm7.o
 .debug_macro   0x000000000003bd5f      0x2b8 ./Core/Src/fmc.o
 .debug_macro   0x000000000003c017       0xad ./Core/Src/fmc.o
 .debug_macro   0x000000000003c0c4      0x2b4 ./Core/Src/gpio.o
 .debug_macro   0x000000000003c378      0x3bf ./Core/Src/main.o
 .debug_macro   0x000000000003c737       0x1c ./Core/Src/main.o
 .debug_macro   0x000000000003c753       0x35 ./Core/Src/main.o
 .debug_macro   0x000000000003c788       0x10 ./Core/Src/main.o
 .debug_macro   0x000000000003c798       0x10 ./Core/Src/main.o
 .debug_macro   0x000000000003c7a8       0x1c ./Core/Src/main.o
 .debug_macro   0x000000000003c7c4       0x52 ./Core/Src/main.o
 .debug_macro   0x000000000003c816       0x22 ./Core/Src/main.o
 .debug_macro   0x000000000003c838       0x10 ./Core/Src/main.o
 .debug_macro   0x000000000003c848       0x52 ./Core/Src/main.o
 .debug_macro   0x000000000003c89a       0xd5 ./Core/Src/main.o
 .debug_macro   0x000000000003c96f       0x1c ./Core/Src/main.o
 .debug_macro   0x000000000003c98b       0x3d ./Core/Src/main.o
 .debug_macro   0x000000000003c9c8       0x16 ./Core/Src/main.o
 .debug_macro   0x000000000003c9de      0x145 ./Core/Src/main.o
 .debug_macro   0x000000000003cb23       0x16 ./Core/Src/main.o
 .debug_macro   0x000000000003cb39       0x20 ./Core/Src/main.o
 .debug_macro   0x000000000003cb59      0x2aa ./Core/Src/stm32h7xx_hal_msp.o
 .debug_macro   0x000000000003ce03      0x2b4 ./Core/Src/stm32h7xx_it.o
 .debug_macro   0x000000000003d0b7      0x2c5 ./Drivers/STM32H7xx_HAL_Driver/stm32h7xx_hal.o
 .debug_macro   0x000000000003d37c      0x29b ./Drivers/STM32H7xx_HAL_Driver/stm32h7xx_hal_cortex.o
 .debug_macro   0x000000000003d617      0x2af ./Drivers/STM32H7xx_HAL_Driver/stm32h7xx_hal_gpio.o
 .debug_macro   0x000000000003d8c6      0x2d4 ./Drivers/STM32H7xx_HAL_Driver/stm32h7xx_hal_pwr_ex.o
 .debug_macro   0x000000000003db9a      0x2bf ./Drivers/STM32H7xx_HAL_Driver/stm32h7xx_hal_rcc.o
 .debug_macro   0x000000000003de59      0x2b9 ./Drivers/STM32H7xx_HAL_Driver/stm32h7xx_hal_rcc_ex.o
 .debug_macro   0x000000000003e112      0x29b ./Drivers/STM32H7xx_HAL_Driver/stm32h7xx_hal_sdram.o
 .debug_macro   0x000000000003e3ad      0x2c5 ./Drivers/STM32H7xx_HAL_Driver/stm32h7xx_ll_fmc.o

.debug_line     0x0000000000000000     0xd1d4
 .debug_line    0x0000000000000000      0xb57 ./Common/Src/system_stm32h7xx_dualcore_boot_cm4_cm7.o
 .debug_line    0x0000000000000b57      0xaca ./Core/Src/fmc.o
 .debug_line    0x0000000000001621      0x984 ./Core/Src/gpio.o
 .debug_line    0x0000000000001fa5      0xe29 ./Core/Src/main.o
 .debug_line    0x0000000000002dce      0x971 ./Core/Src/stm32h7xx_hal_msp.o
 .debug_line    0x000000000000373f      0xa35 ./Core/Src/stm32h7xx_it.o
 .debug_line    0x0000000000004174       0x88 ./Core/Startup/startup_stm32h747xihx.o
 .debug_line    0x00000000000041fc     0x1096 ./Drivers/STM32H7xx_HAL_Driver/stm32h7xx_hal.o
 .debug_line    0x0000000000005292      0xf49 ./Drivers/STM32H7xx_HAL_Driver/stm32h7xx_hal_cortex.o
 .debug_line    0x00000000000061db      0xdfa ./Drivers/STM32H7xx_HAL_Driver/stm32h7xx_hal_gpio.o
 .debug_line    0x0000000000006fd5     0x1164 ./Drivers/STM32H7xx_HAL_Driver/stm32h7xx_hal_pwr_ex.o
 .debug_line    0x0000000000008139     0x1507 ./Drivers/STM32H7xx_HAL_Driver/stm32h7xx_hal_rcc.o
 .debug_line    0x0000000000009640     0x1e18 ./Drivers/STM32H7xx_HAL_Driver/stm32h7xx_hal_rcc_ex.o
 .debug_line    0x000000000000b458     0x1074 ./Drivers/STM32H7xx_HAL_Driver/stm32h7xx_hal_sdram.o
 .debug_line    0x000000000000c4cc      0xd08 ./Drivers/STM32H7xx_HAL_Driver/stm32h7xx_ll_fmc.o

.debug_str      0x0000000000000000   0x191762
 .debug_str     0x0000000000000000   0x18c25a ./Common/Src/system_stm32h7xx_dualcore_boot_cm4_cm7.o
                                     0x18c6d6 (size before relaxing)
 .debug_str     0x000000000018c25a      0xde2 ./Core/Src/fmc.o
                                     0x18d1ae (size before relaxing)
 .debug_str     0x000000000018d03c       0x68 ./Core/Src/gpio.o
                                     0x18c79a (size before relaxing)
 .debug_str     0x000000000018d0a4     0x1524 ./Core/Src/main.o
                                     0x18e1cf (size before relaxing)
 .debug_str     0x000000000018e5c8       0x2c ./Core/Src/stm32h7xx_hal_msp.o
                                     0x18c6cf (size before relaxing)
 .debug_str     0x000000000018e5f4       0xc9 ./Core/Src/stm32h7xx_it.o
                                     0x18c52e (size before relaxing)
 .debug_str     0x000000000018e6bd       0x36 ./Core/Startup/startup_stm32h747xihx.o
                                         0x5a (size before relaxing)
 .debug_str     0x000000000018e6f3     0x1186 ./Drivers/STM32H7xx_HAL_Driver/stm32h7xx_hal.o
                                     0x18d783 (size before relaxing)
 .debug_str     0x000000000018f879      0x360 ./Drivers/STM32H7xx_HAL_Driver/stm32h7xx_hal_cortex.o
                                     0x18cfb2 (size before relaxing)
 .debug_str     0x000000000018fbd9      0x125 ./Drivers/STM32H7xx_HAL_Driver/stm32h7xx_hal_gpio.o
                                     0x18c67b (size before relaxing)
 .debug_str     0x000000000018fcfe      0x69d ./Drivers/STM32H7xx_HAL_Driver/stm32h7xx_hal_pwr_ex.o
                                     0x18cb86 (size before relaxing)
 .debug_str     0x000000000019039b      0x245 ./Drivers/STM32H7xx_HAL_Driver/stm32h7xx_hal_rcc.o
                                     0x18c9fc (size before relaxing)
 .debug_str     0x00000000001905e0      0x698 ./Drivers/STM32H7xx_HAL_Driver/stm32h7xx_hal_rcc_ex.o
                                     0x18cf43 (size before relaxing)
 .debug_str     0x0000000000190c78      0x38b ./Drivers/STM32H7xx_HAL_Driver/stm32h7xx_hal_sdram.o
                                     0x18cad3 (size before relaxing)
 .debug_str     0x0000000000191003      0x75f ./Drivers/STM32H7xx_HAL_Driver/stm32h7xx_ll_fmc.o
                                     0x18cb83 (size before relaxing)

.comment        0x0000000000000000       0x50
 .comment       0x0000000000000000       0x50 ./Common/Src/system_stm32h7xx_dualcore_boot_cm4_cm7.o
                                         0x51 (size before relaxing)
 .comment       0x0000000000000050       0x51 ./Core/Src/fmc.o
 .comment       0x0000000000000050       0x51 ./Core/Src/gpio.o
 .comment       0x0000000000000050       0x51 ./Core/Src/main.o
 .comment       0x0000000000000050       0x51 ./Core/Src/stm32h7xx_hal_msp.o
 .comment       0x0000000000000050       0x51 ./Core/Src/stm32h7xx_it.o
 .comment       0x0000000000000050       0x51 ./Drivers/STM32H7xx_HAL_Driver/stm32h7xx_hal.o
 .comment       0x0000000000000050       0x51 ./Drivers/STM32H7xx_HAL_Driver/stm32h7xx_hal_cortex.o
 .comment       0x0000000000000050       0x51 ./Drivers/STM32H7xx_HAL_Driver/stm32h7xx_hal_gpio.o
 .comment       0x0000000000000050       0x51 ./Drivers/STM32H7xx_HAL_Driver/stm32h7xx_hal_pwr_ex.o
 .comment       0x0000000000000050       0x51 ./Drivers/STM32H7xx_HAL_Driver/stm32h7xx_hal_rcc.o
 .comment       0x0000000000000050       0x51 ./Drivers/STM32H7xx_HAL_Driver/stm32h7xx_hal_rcc_ex.o
 .comment       0x0000000000000050       0x51 ./Drivers/STM32H7xx_HAL_Driver/stm32h7xx_hal_sdram.o
 .comment       0x0000000000000050       0x51 ./Drivers/STM32H7xx_HAL_Driver/stm32h7xx_ll_fmc.o

.debug_frame    0x0000000000000000     0x26a4
 .debug_frame   0x0000000000000000       0x58 ./Common/Src/system_stm32h7xx_dualcore_boot_cm4_cm7.o
 .debug_frame   0x0000000000000058       0xc0 ./Core/Src/fmc.o
 .debug_frame   0x0000000000000118       0x34 ./Core/Src/gpio.o
 .debug_frame   0x000000000000014c      0x1f8 ./Core/Src/main.o
 .debug_frame   0x0000000000000344       0x38 ./Core/Src/stm32h7xx_hal_msp.o
 .debug_frame   0x000000000000037c      0x104 ./Core/Src/stm32h7xx_it.o
 .debug_frame   0x0000000000000480      0x848 ./Drivers/STM32H7xx_HAL_Driver/stm32h7xx_hal.o
 .debug_frame   0x0000000000000cc8      0x4b8 ./Drivers/STM32H7xx_HAL_Driver/stm32h7xx_hal_cortex.o
 .debug_frame   0x0000000000001180      0x14c ./Drivers/STM32H7xx_HAL_Driver/stm32h7xx_hal_gpio.o
 .debug_frame   0x00000000000012cc      0x5ec ./Drivers/STM32H7xx_HAL_Driver/stm32h7xx_hal_pwr_ex.o
 .debug_frame   0x00000000000018b8      0x1f8 ./Drivers/STM32H7xx_HAL_Driver/stm32h7xx_hal_rcc.o
 .debug_frame   0x0000000000001ab0      0x43c ./Drivers/STM32H7xx_HAL_Driver/stm32h7xx_hal_rcc_ex.o
 .debug_frame   0x0000000000001eec      0x3f0 ./Drivers/STM32H7xx_HAL_Driver/stm32h7xx_hal_sdram.o
 .debug_frame   0x00000000000022dc      0x37c ./Drivers/STM32H7xx_HAL_Driver/stm32h7xx_ll_fmc.o
 .debug_frame   0x0000000000002658       0x2c c:/workspace/programs/stm32cubeide_1.12.0/stm32cubeide/plugins/com.st.stm32cube.ide.mcu.externaltools.gnu-tools-for-stm32.10.3-2021.10.win32_1.0.200.202301161003/tools/bin/../lib/gcc/arm-none-eabi/10.3.1/../../../../arm-none-eabi/lib/thumb/v7e-m+dp/hard\libc_nano.a(lib_a-init.o)
 .debug_frame   0x0000000000002684       0x20 c:/workspace/programs/stm32cubeide_1.12.0/stm32cubeide/plugins/com.st.stm32cube.ide.mcu.externaltools.gnu-tools-for-stm32.10.3-2021.10.win32_1.0.200.202301161003/tools/bin/../lib/gcc/arm-none-eabi/10.3.1/../../../../arm-none-eabi/lib/thumb/v7e-m+dp/hard\libc_nano.a(lib_a-memset.o)
